// Jest Snapshot v1, https://goo.gl/fbAQLP

exports[`First snapshot test  1`] = `
<div
  className="text-center"
>
  <h1>
    Loading....
  </h1>
</div>
`;
