// Jest Snapshot v1, https://goo.gl/fbAQLP

exports[`App snapshot test  1`] = `
Array [
  <div
    className="container-fluid bg-primary p-4"
  />,
  <div
    className="text-center"
  >
    <h1>
      Loading....
    </h1>
  </div>,
  <div
    className="text-center m-2"
  >
    <h1>
      Customer Details
    </h1>
  </div>,
  <div
    className="text-center"
  >
    <h1>
      Loading....
    </h1>
  </div>,
]
`;

exports[`First snapshot test  1`] = `
Array [
  <div
    className="container-fluid bg-primary p-4"
  />,
  <div
    className="text-center"
  >
    <h1>
      Loading....
    </h1>
  </div>,
  <div
    className="text-center m-2"
  >
    <h1>
      Customer Details
    </h1>
  </div>,
  <div
    className="text-center"
  >
    <h1>
      Loading....
    </h1>
  </div>,
]
`;
